{
  "version": "1.4.0",
  "plugins_used": [
    {
      "name": "ArtifactoryDetector"
    },
    {
      "name": "AWSKeyDetector"
    },
    {
      "name": "AzureStorageKeyDetector"
    },
    {
      "name": "Base64HighEntropyString",
      "limit": 4.5
    },
    {
      "name": "BasicAuthDetector"
    },
    {
      "name": "CloudantDetector"
    },
    {
      "name": "DiscordBotTokenDetector"
    },
    {
      "name": "GitHubTokenDetector"
    },
    {
      "name": "HexHighEntropyString",
      "limit": 3.0
    },
    {
      "name": "IbmCloudIamDetector"
    },
    {
      "name": "IbmCosHmacDetector"
    },
    {
      "name": "JwtTokenDetector"
    },
    {
      "name": "KeywordDetector",
      "keyword_exclude": ""
    },
    {
      "name": "MailchimpDetector"
    },
    {
      "name": "NpmDetector"
    },
    {
      "name": "PrivateKeyDetector"
    },
    {
      "name": "SendGridDetector"
    },
    {
      "name": "SlackDetector"
    },
    {
      "name": "SoftlayerDetector"
    },
    {
      "name": "SquareOAuthDetector"
    },
    {
      "name": "StripeDetector"
    },
    {
      "name": "TwilioKeyDetector"
    }
  ],
  "filters_used": [
    {
      "path": "detect_secrets.filters.allowlist.is_line_allowlisted"
    },
    {
      "path": "detect_secrets.filters.common.is_baseline_file",
      "filename": ".secrets.baseline"
    },
    {
      "path": "detect_secrets.filters.common.is_ignored_due_to_verification_policies",
      "min_level": 2
    },
    {
      "path": "detect_secrets.filters.heuristic.is_indirect_reference"
    },
    {
      "path": "detect_secrets.filters.heuristic.is_likely_id_string"
    },
    {
      "path": "detect_secrets.filters.heuristic.is_lock_file"
    },
    {
      "path": "detect_secrets.filters.heuristic.is_not_alphanumeric_string"
    },
    {
      "path": "detect_secrets.filters.heuristic.is_potential_uuid"
    },
    {
      "path": "detect_secrets.filters.heuristic.is_prefixed_with_dollar_sign"
    },
    {
      "path": "detect_secrets.filters.heuristic.is_sequential_string"
    },
    {
      "path": "detect_secrets.filters.heuristic.is_swagger_file"
    },
    {
      "path": "detect_secrets.filters.heuristic.is_templated_secret"
    },
    {
      "path": "detect_secrets.filters.regex.should_exclude_file",
      "pattern": [
        ".*/tests/fixtures"
      ]
    }
  ],
  "results": {
    "Makefile": [
      {
        "type": "Secret Keyword",
        "filename": "Makefile",
        "hashed_secret": "8d830b2fe85633cb57cf92739054f769400e737f",
        "is_verified": false,
        "line_number": 3,
        "is_secret": false
      },
      {
        "type": "Secret Keyword",
        "filename": "Makefile",
        "hashed_secret": "99c849bb78a99cb7d6c13e159d4f052f933efa49",
        "is_verified": false,
        "line_number": 6,
        "is_secret": false
      }
    ],
    "apps/api/db_test.go": [
      {
        "type": "Secret Keyword",
        "filename": "apps/api/db_test.go",
        "hashed_secret": "6547f385c6d867e20f8217018a4d468a7d67d638",
        "is_verified": false,
        "line_number": 95,
        "is_secret": false
      },
      {
        "type": "Secret Keyword",
        "filename": "apps/api/db_test.go",
        "hashed_secret": "bfc5c298b5beb24012fc707d86c5a31f5e712009",
        "is_verified": false,
        "line_number": 278,
        "is_secret": false
      }
    ],
    "apps/api/main_test.go": [
      {
        "type": "Hex High Entropy String",
        "filename": "apps/api/main_test.go",
        "hashed_secret": "4f13f134744a2fadbbe2d624687246347d12fa63",
        "is_verified": false,
        "line_number": 98,
        "is_secret": false
      },
      {
        "type": "Hex High Entropy String",
        "filename": "apps/api/main_test.go",
        "hashed_secret": "957ee19314bad6ea58e74afb6c242b0c18175705",
        "is_verified": false,
        "line_number": 406,
        "is_secret": false
      },
      {
        "type": "Hex High Entropy String",
        "filename": "apps/api/main_test.go",
        "hashed_secret": "5edc45491ac3ada13f2b59f51aea00553539d0ee",
        "is_verified": false,
        "line_number": 461,
        "is_secret": false
      }
    ]
  },
  "generated_at": "2026-01-29T18:10:09Z"
}
